// Vitest Snapshot v1, https://vitest.dev/guide/snapshot.html

exports[`hashFileContents > should always generate the same hash 1`] = `"f10dbe265c75db7f52ca314d7957414b"`;
